// Jest Snapshot v1, https://goo.gl/fbAQLP

exports[`Render DatePicker render correctly date component 1`] = `
<ReactOutsideEvent
  classNames={Object {}}
  trigger={<div />}
>
  <React.Suspense
    fallback={<Memo(Loading) />}
  >
    <div
      className="calendarModal"
    >
      <React.Lazy
        onChange={[Function]}
        value="2030-03-24T12:00:00.000Z"
      />
    </div>
    <div
      className="modalOverlay"
    />
  </React.Suspense>
</ReactOutsideEvent>
`;
