// Jest Snapshot v1, https://goo.gl/fbAQLP

exports[`Render NoResults render correctly 1`] = `
<div
  className="container"
>
  <div
    className="text"
  >
    We found 10 tickets
            but none of them matches current filter settings
  </div>
  <div
    className="resetButton"
  >
    <Button
      isLoading={false}
      onClick={[Function]}
    >
      <span
        className="buttonText"
      >
        Reset Filters
      </span>
    </Button>
  </div>
</div>
`;
