// Jest Snapshot v1, https://goo.gl/fbAQLP

exports[`Render Select render correctly 1`] = `
<Dropdown
  classNames={Object {}}
  trigger={<div />}
>
  <div
    className="itemList"
  >
    <RowItem
      className={null}
      handleSelect={[Function]}
      index={0}
      isDisabled={false}
      isSelected={true}
      key="TXL"
      value={
        Object {
          "code": "TXL",
          "name": "Berlin",
        }
      }
    >
      <div />
    </RowItem>
    <RowItem
      className={null}
      handleSelect={[Function]}
      index={1}
      isDisabled={true}
      isSelected={false}
      key="DME"
      value={
        Object {
          "code": "DME",
          "name": "Moscow",
        }
      }
    >
      <div />
    </RowItem>
    <RowItem
      className={null}
      handleSelect={[Function]}
      index={2}
      isDisabled={false}
      isSelected={false}
      key="DUB"
      value={
        Object {
          "code": "DUB",
          "name": "Dublin",
        }
      }
    >
      <div />
    </RowItem>
    <RowItem
      className={null}
      handleSelect={[Function]}
      index={3}
      isDisabled={false}
      isSelected={false}
      key="HEL"
      value={
        Object {
          "code": "HEL",
          "name": "Helsinki",
        }
      }
    >
      <div />
    </RowItem>
    <RowItem
      className={null}
      handleSelect={[Function]}
      index={4}
      isDisabled={false}
      isSelected={false}
      key="TBS"
      value={
        Object {
          "code": "TBS",
          "name": "Tbilisi",
        }
      }
    >
      <div />
    </RowItem>
  </div>
</Dropdown>
`;
